// Jest Snapshot v1, https://goo.gl/fbAQLP

exports[`<TasksList /> should display todolist 1`] = `ShallowWrapper {}`;
